// Jest Snapshot v1, https://goo.gl/fbAQLP

exports[`Testing Form Container should not regress 1`] = `
<section
  className="container"
/>
`;
