// Jest Snapshot v1, https://goo.gl/fbAQLP

exports[`Testing useFetch useEffect test 1`] = `
<div
  className="eui-panel eui-panel-default"
>
  <div
    className="eui-panel-body"
  >
    <h2>
      Loading...!!!
    </h2>
    <div
      className="eui-row"
    />
  </div>
</div>
`;
